// Jest Snapshot v1, https://goo.gl/fbAQLP

exports[`The GuScheduledEcsTask pattern should create the correct resources with lots of config 1`] = `
Object {
  "Outputs": Object {
    "StateMachineArnOutputEcstest": Object {
      "Value": Object {
        "Ref": "StateMachineEcstest84BB1B77",
      },
    },
  },
  "Parameters": Object {
    "DistributionBucketName": Object {
      "Default": "/account/services/artifact.bucket",
      "Description": "SSM parameter containing the S3 bucket name holding distribution artifacts",
      "Type": "AWS::SSM::Parameter::Value<String>",
    },
    "Stage": Object {
      "AllowedValues": Array [
        "CODE",
        "PROD",
      ],
      "Default": "CODE",
      "Description": "Stage name",
      "Type": "String",
    },
  },
  "Resources": Object {
    "ClusterEcstest1892FB90": Object {
      "Properties": Object {
        "ClusterName": "ecs-test-cluster-TEST",
        "Tags": Array [
          Object {
            "Key": "App",
            "Value": "ecs-test",
          },
          Object {
            "Key": "gu:cdk:version",
            "Value": "TEST",
          },
          Object {
            "Key": "gu:repo",
            "Value": "guardian/cdk",
          },
          Object {
            "Key": "Stack",
            "Value": "test-stack",
          },
          Object {
            "Key": "Stage",
            "Value": Object {
              "Ref": "Stage",
            },
          },
        ],
      },
      "Type": "AWS::ECS::Cluster",
    },
    "ClusterEcstestAB072685": Object {
      "Properties": Object {
        "CapacityProviders": Array [
          "FARGATE",
          "FARGATE_SPOT",
        ],
        "Cluster": Object {
          "Ref": "ClusterEcstest1892FB90",
        },
        "DefaultCapacityProviderStrategy": Array [],
      },
      "Type": "AWS::ECS::ClusterCapacityProviderAssociations",
    },
    "ScheduleRuleEcstest07F5BBD2": Object {
      "Properties": Object {
        "ScheduleExpression": "rate(1 minute)",
        "State": "ENABLED",
        "Targets": Array [
          Object {
            "Arn": Object {
              "Ref": "StateMachineEcstest84BB1B77",
            },
            "Id": "Target0",
            "RoleArn": Object {
              "Fn::GetAtt": Array [
                "StateMachineEcstestEventsRole50FE033D",
                "Arn",
              ],
            },
          },
        ],
      },
      "Type": "AWS::Events::Rule",
    },
    "StateMachineEcstest84BB1B77": Object {
      "DependsOn": Array [
        "StateMachineEcstestRoleDefaultPolicy1EED542B",
        "StateMachineEcstestRoleAFD3E1C6",
      ],
      "Properties": Object {
        "DefinitionString": Object {
          "Fn::Join": Array [
            "",
            Array [
              "{\\"StartAt\\":\\"ecs-test-task\\",\\"States\\":{\\"ecs-test-task\\":{\\"End\\":true,\\"Type\\":\\"Task\\",\\"TimeoutSeconds\\":3600,\\"ResultPath\\":null,\\"Resource\\":\\"arn:",
              Object {
                "Ref": "AWS::Partition",
              },
              ":states:::ecs:runTask.sync\\",\\"Parameters\\":{\\"Cluster\\":\\"",
              Object {
                "Fn::GetAtt": Array [
                  "ClusterEcstest1892FB90",
                  "Arn",
                ],
              },
              "\\",\\"TaskDefinition\\":\\"test-TEST-ecs-test\\",\\"NetworkConfiguration\\":{\\"AwsvpcConfiguration\\":{\\"Subnets\\":[\\"abc-123\\"],\\"SecurityGroups\\":[\\"id-123\\"]}},\\"LaunchType\\":\\"FARGATE\\",\\"PlatformVersion\\":\\"LATEST\\"}}}}",
            ],
          ],
        },
        "RoleArn": Object {
          "Fn::GetAtt": Array [
            "StateMachineEcstestRoleAFD3E1C6",
            "Arn",
          ],
        },
        "StateMachineName": "ecs-test-TEST",
        "Tags": Array [
          Object {
            "Key": "App",
            "Value": "ecs-test",
          },
          Object {
            "Key": "gu:cdk:version",
            "Value": "TEST",
          },
          Object {
            "Key": "gu:repo",
            "Value": "guardian/cdk",
          },
          Object {
            "Key": "Stack",
            "Value": "test-stack",
          },
          Object {
            "Key": "Stage",
            "Value": Object {
              "Ref": "Stage",
            },
          },
        ],
      },
      "Type": "AWS::StepFunctions::StateMachine",
    },
    "StateMachineEcstestEventsRole50FE033D": Object {
      "Properties": Object {
        "AssumeRolePolicyDocument": Object {
          "Statement": Array [
            Object {
              "Action": "sts:AssumeRole",
              "Effect": "Allow",
              "Principal": Object {
                "Service": "events.amazonaws.com",
              },
            },
          ],
          "Version": "2012-10-17",
        },
        "Tags": Array [
          Object {
            "Key": "App",
            "Value": "ecs-test",
          },
          Object {
            "Key": "gu:cdk:version",
            "Value": "TEST",
          },
          Object {
            "Key": "gu:repo",
            "Value": "guardian/cdk",
          },
          Object {
            "Key": "Stack",
            "Value": "test-stack",
          },
          Object {
            "Key": "Stage",
            "Value": Object {
              "Ref": "Stage",
            },
          },
        ],
      },
      "Type": "AWS::IAM::Role",
    },
    "StateMachineEcstestEventsRoleDefaultPolicy2A914AF8": Object {
      "Properties": Object {
        "PolicyDocument": Object {
          "Statement": Array [
            Object {
              "Action": "states:StartExecution",
              "Effect": "Allow",
              "Resource": Object {
                "Ref": "StateMachineEcstest84BB1B77",
              },
            },
          ],
          "Version": "2012-10-17",
        },
        "PolicyName": "StateMachineEcstestEventsRoleDefaultPolicy2A914AF8",
        "Roles": Array [
          Object {
            "Ref": "StateMachineEcstestEventsRole50FE033D",
          },
        ],
      },
      "Type": "AWS::IAM::Policy",
    },
    "StateMachineEcstestRoleAFD3E1C6": Object {
      "Properties": Object {
        "AssumeRolePolicyDocument": Object {
          "Statement": Array [
            Object {
              "Action": "sts:AssumeRole",
              "Effect": "Allow",
              "Principal": Object {
                "Service": Object {
                  "Fn::Join": Array [
                    "",
                    Array [
                      "states.",
                      Object {
                        "Ref": "AWS::Region",
                      },
                      ".amazonaws.com",
                    ],
                  ],
                },
              },
            },
          ],
          "Version": "2012-10-17",
        },
        "Tags": Array [
          Object {
            "Key": "App",
            "Value": "ecs-test",
          },
          Object {
            "Key": "gu:cdk:version",
            "Value": "TEST",
          },
          Object {
            "Key": "gu:repo",
            "Value": "guardian/cdk",
          },
          Object {
            "Key": "Stack",
            "Value": "test-stack",
          },
          Object {
            "Key": "Stage",
            "Value": Object {
              "Ref": "Stage",
            },
          },
        ],
      },
      "Type": "AWS::IAM::Role",
    },
    "StateMachineEcstestRoleDefaultPolicy1EED542B": Object {
      "Properties": Object {
        "PolicyDocument": Object {
          "Statement": Array [
            Object {
              "Action": "ecs:RunTask",
              "Effect": "Allow",
              "Resource": Object {
                "Fn::Join": Array [
                  "",
                  Array [
                    "arn:",
                    Object {
                      "Fn::Select": Array [
                        1,
                        Object {
                          "Fn::Split": Array [
                            ":",
                            Object {
                              "Ref": "TaskDefinitionEcstest258379BD",
                            },
                          ],
                        },
                      ],
                    },
                    ":",
                    Object {
                      "Fn::Select": Array [
                        2,
                        Object {
                          "Fn::Split": Array [
                            ":",
                            Object {
                              "Ref": "TaskDefinitionEcstest258379BD",
                            },
                          ],
                        },
                      ],
                    },
                    ":",
                    Object {
                      "Fn::Select": Array [
                        3,
                        Object {
                          "Fn::Split": Array [
                            ":",
                            Object {
                              "Ref": "TaskDefinitionEcstest258379BD",
                            },
                          ],
                        },
                      ],
                    },
                    ":",
                    Object {
                      "Fn::Select": Array [
                        4,
                        Object {
                          "Fn::Split": Array [
                            ":",
                            Object {
                              "Ref": "TaskDefinitionEcstest258379BD",
                            },
                          ],
                        },
                      ],
                    },
                    ":",
                    Object {
                      "Fn::Select": Array [
                        0,
                        Object {
                          "Fn::Split": Array [
                            "/",
                            Object {
                              "Fn::Select": Array [
                                5,
                                Object {
                                  "Fn::Split": Array [
                                    ":",
                                    Object {
                                      "Ref": "TaskDefinitionEcstest258379BD",
                                    },
                                  ],
                                },
                              ],
                            },
                          ],
                        },
                      ],
                    },
                    "/",
                    Object {
                      "Fn::Select": Array [
                        1,
                        Object {
                          "Fn::Split": Array [
                            "/",
                            Object {
                              "Fn::Select": Array [
                                5,
                                Object {
                                  "Fn::Split": Array [
                                    ":",
                                    Object {
                                      "Ref": "TaskDefinitionEcstest258379BD",
                                    },
                                  ],
                                },
                              ],
                            },
                          ],
                        },
                      ],
                    },
                  ],
                ],
              },
            },
            Object {
              "Action": Array [
                "ecs:StopTask",
                "ecs:DescribeTasks",
              ],
              "Effect": "Allow",
              "Resource": "*",
            },
            Object {
              "Action": "iam:PassRole",
              "Effect": "Allow",
              "Resource": Array [
                Object {
                  "Fn::GetAtt": Array [
                    "TaskDefinitionEcstestTaskRoleD5169AE2",
                    "Arn",
                  ],
                },
                Object {
                  "Fn::GetAtt": Array [
                    "TaskDefinitionEcstestExecutionRole9D2A7D47",
                    "Arn",
                  ],
                },
              ],
            },
            Object {
              "Action": Array [
                "events:PutTargets",
                "events:PutRule",
                "events:DescribeRule",
              ],
              "Effect": "Allow",
              "Resource": Object {
                "Fn::Join": Array [
                  "",
                  Array [
                    "arn:",
                    Object {
                      "Ref": "AWS::Partition",
                    },
                    ":events:",
                    Object {
                      "Ref": "AWS::Region",
                    },
                    ":",
                    Object {
                      "Ref": "AWS::AccountId",
                    },
                    ":rule/StepFunctionsGetEventsForECSTaskRule",
                  ],
                ],
              },
            },
          ],
          "Version": "2012-10-17",
        },
        "PolicyName": "StateMachineEcstestRoleDefaultPolicy1EED542B",
        "Roles": Array [
          Object {
            "Ref": "StateMachineEcstestRoleAFD3E1C6",
          },
        ],
      },
      "Type": "AWS::IAM::Policy",
    },
    "TaskDefinitionEcstest258379BD": Object {
      "Properties": Object {
        "ContainerDefinitions": Array [
          Object {
            "Command": Array [
              "-c",
              "echo \\"yo ho row ho it's a pirates life for me\\"",
            ],
            "Cpu": 1024,
            "EntryPoint": Array [
              "/bin/sh",
            ],
            "Essential": true,
            "Image": "node:10",
            "LogConfiguration": Object {
              "LogDriver": "awslogs",
              "Options": Object {
                "awslogs-group": Object {
                  "Ref": "TaskDefinitionEcstestScheduledTaskContainerEcstestLogGroup1508FA51",
                },
                "awslogs-region": Object {
                  "Ref": "AWS::Region",
                },
                "awslogs-stream-prefix": "ecs-test",
              },
            },
            "Memory": 1024,
            "Name": "ScheduledTaskContainerEcstest",
          },
        ],
        "Cpu": "1024",
        "ExecutionRoleArn": Object {
          "Fn::GetAtt": Array [
            "TaskDefinitionEcstestExecutionRole9D2A7D47",
            "Arn",
          ],
        },
        "Family": "test-TEST-ecs-test",
        "Memory": "1024",
        "NetworkMode": "awsvpc",
        "RequiresCompatibilities": Array [
          "FARGATE",
        ],
        "Tags": Array [
          Object {
            "Key": "App",
            "Value": "ecs-test",
          },
          Object {
            "Key": "gu:cdk:version",
            "Value": "TEST",
          },
          Object {
            "Key": "gu:repo",
            "Value": "guardian/cdk",
          },
          Object {
            "Key": "Stack",
            "Value": "test-stack",
          },
          Object {
            "Key": "Stage",
            "Value": Object {
              "Ref": "Stage",
            },
          },
        ],
        "TaskRoleArn": Object {
          "Fn::GetAtt": Array [
            "TaskDefinitionEcstestTaskRoleD5169AE2",
            "Arn",
          ],
        },
      },
      "Type": "AWS::ECS::TaskDefinition",
    },
    "TaskDefinitionEcstestExecutionRole9D2A7D47": Object {
      "Properties": Object {
        "AssumeRolePolicyDocument": Object {
          "Statement": Array [
            Object {
              "Action": "sts:AssumeRole",
              "Effect": "Allow",
              "Principal": Object {
                "Service": "ecs-tasks.amazonaws.com",
              },
            },
          ],
          "Version": "2012-10-17",
        },
        "Tags": Array [
          Object {
            "Key": "App",
            "Value": "ecs-test",
          },
          Object {
            "Key": "gu:cdk:version",
            "Value": "TEST",
          },
          Object {
            "Key": "gu:repo",
            "Value": "guardian/cdk",
          },
          Object {
            "Key": "Stack",
            "Value": "test-stack",
          },
          Object {
            "Key": "Stage",
            "Value": Object {
              "Ref": "Stage",
            },
          },
        ],
      },
      "Type": "AWS::IAM::Role",
    },
    "TaskDefinitionEcstestExecutionRoleDefaultPolicy562096CB": Object {
      "Properties": Object {
        "PolicyDocument": Object {
          "Statement": Array [
            Object {
              "Action": Array [
                "logs:CreateLogStream",
                "logs:PutLogEvents",
              ],
              "Effect": "Allow",
              "Resource": Object {
                "Fn::GetAtt": Array [
                  "TaskDefinitionEcstestScheduledTaskContainerEcstestLogGroup1508FA51",
                  "Arn",
                ],
              },
            },
          ],
          "Version": "2012-10-17",
        },
        "PolicyName": "TaskDefinitionEcstestExecutionRoleDefaultPolicy562096CB",
        "Roles": Array [
          Object {
            "Ref": "TaskDefinitionEcstestExecutionRole9D2A7D47",
          },
        ],
      },
      "Type": "AWS::IAM::Policy",
    },
    "TaskDefinitionEcstestScheduledTaskContainerEcstestLogGroup1508FA51": Object {
      "DeletionPolicy": "Retain",
      "Properties": Object {
        "RetentionInDays": 14,
      },
      "Type": "AWS::Logs::LogGroup",
      "UpdateReplacePolicy": "Retain",
    },
    "TaskDefinitionEcstestTaskRoleD5169AE2": Object {
      "Properties": Object {
        "AssumeRolePolicyDocument": Object {
          "Statement": Array [
            Object {
              "Action": "sts:AssumeRole",
              "Effect": "Allow",
              "Principal": Object {
                "Service": "ecs-tasks.amazonaws.com",
              },
            },
          ],
          "Version": "2012-10-17",
        },
        "Tags": Array [
          Object {
            "Key": "App",
            "Value": "ecs-test",
          },
          Object {
            "Key": "gu:cdk:version",
            "Value": "TEST",
          },
          Object {
            "Key": "gu:repo",
            "Value": "guardian/cdk",
          },
          Object {
            "Key": "Stack",
            "Value": "test-stack",
          },
          Object {
            "Key": "Stage",
            "Value": Object {
              "Ref": "Stage",
            },
          },
        ],
      },
      "Type": "AWS::IAM::Role",
    },
    "TaskDefinitionEcstestTaskRoleDefaultPolicyC6A4D178": Object {
      "Properties": Object {
        "PolicyDocument": Object {
          "Statement": Array [
            Object {
              "Action": "s3:GetObject",
              "Effect": "Allow",
              "Resource": Object {
                "Fn::Join": Array [
                  "",
                  Array [
                    "arn:aws:s3:::",
                    Object {
                      "Ref": "DistributionBucketName",
                    },
                    "/test-stack/",
                    Object {
                      "Ref": "Stage",
                    },
                    "/ecs-test/*",
                  ],
                ],
              },
            },
            Object {
              "Action": "s3:GetObject",
              "Effect": "Allow",
              "Resource": "databaseSecretArn",
            },
          ],
          "Version": "2012-10-17",
        },
        "PolicyName": "TaskDefinitionEcstestTaskRoleDefaultPolicyC6A4D178",
        "Roles": Array [
          Object {
            "Ref": "TaskDefinitionEcstestTaskRoleD5169AE2",
          },
        ],
      },
      "Type": "AWS::IAM::Policy",
    },
    "ecstestexecutionfailedC93F511B": Object {
      "Properties": Object {
        "ActionsEnabled": true,
        "AlarmActions": Array [
          "arn:something:else:here:we:goalarm-topic",
        ],
        "AlarmDescription": "ecs-test-TEST job failed ",
        "ComparisonOperator": "GreaterThanOrEqualToThreshold",
        "Dimensions": Array [
          Object {
            "Name": "StateMachineArn",
            "Value": Object {
              "Ref": "StateMachineEcstest84BB1B77",
            },
          },
        ],
        "EvaluationPeriods": 1,
        "MetricName": "ExecutionsFailed",
        "Namespace": "AWS/States",
        "Period": 3600,
        "Statistic": "Sum",
        "Threshold": 1,
        "TreatMissingData": "notBreaching",
      },
      "Type": "AWS::CloudWatch::Alarm",
    },
    "ecstesttimeoutFE335653": Object {
      "Properties": Object {
        "ActionsEnabled": true,
        "AlarmActions": Array [
          "arn:something:else:here:we:goalarm-topic",
        ],
        "AlarmDescription": "ecs-test-TEST job timed out ",
        "ComparisonOperator": "GreaterThanOrEqualToThreshold",
        "Dimensions": Array [
          Object {
            "Name": "StateMachineArn",
            "Value": Object {
              "Ref": "StateMachineEcstest84BB1B77",
            },
          },
        ],
        "EvaluationPeriods": 1,
        "MetricName": "ExecutionsTimedOut",
        "Namespace": "AWS/States",
        "Period": 3600,
        "Statistic": "Sum",
        "Threshold": 1,
        "TreatMissingData": "notBreaching",
      },
      "Type": "AWS::CloudWatch::Alarm",
    },
  },
}
`;
