// Jest Snapshot v1, https://goo.gl/fbAQLP

exports[`GuSESSenderPolicy should add a parameter to the stack for the sending email address 1`] = `
{
  "Metadata": {
    "gu:cdk:constructs": [
      "GuStack",
      "GuGuardianEmailSenderParameter",
      "GuSESSenderPolicy",
    ],
    "gu:cdk:version": "TEST",
  },
  "Parameters": {
    "EmailSenderAddress": {
      "AllowedPattern": "^[a-zA-Z]+(\\.[a-zA-Z]+)*@theguardian.com$",
      "ConstraintDescription": "Must be an @theguardian.com email address",
      "Description": "The sender of emails sent using SES.",
      "Type": "String",
    },
  },
  "Resources": {
    "GuSESSenderPolicy2E2A75A2": {
      "Properties": {
        "PolicyDocument": {
          "Statement": [
            {
              "Action": "ses:SendEmail",
              "Effect": "Allow",
              "Resource": {
                "Fn::Join": [
                  "",
                  [
                    "arn:aws:ses:",
                    {
                      "Ref": "AWS::Region",
                    },
                    ":",
                    {
                      "Ref": "AWS::AccountId",
                    },
                    ":identity/",
                    {
                      "Ref": "EmailSenderAddress",
                    },
                  ],
                ],
              },
            },
          ],
          "Version": "2012-10-17",
        },
        "PolicyName": "GuSESSenderPolicy2E2A75A2",
        "Roles": [
          {
            "Ref": "TestRole6C9272DF",
          },
        ],
      },
      "Type": "AWS::IAM::Policy",
    },
    "TestRole6C9272DF": {
      "Properties": {
        "AssumeRolePolicyDocument": {
          "Statement": [
            {
              "Action": "sts:AssumeRole",
              "Effect": "Allow",
              "Principal": {
                "Service": "ec2.amazonaws.com",
              },
            },
          ],
          "Version": "2012-10-17",
        },
        "Tags": [
          {
            "Key": "App",
            "Value": "testing",
          },
          {
            "Key": "gu:cdk:version",
            "Value": "TEST",
          },
          {
            "Key": "gu:repo",
            "Value": "guardian/cdk",
          },
          {
            "Key": "Stack",
            "Value": "test-stack",
          },
          {
            "Key": "Stage",
            "Value": "TEST",
          },
        ],
      },
      "Type": "AWS::IAM::Role",
    },
  },
}
`;
